// Jest Snapshot v1, https://goo.gl/fbAQLP

exports[`resource generator should run successfully 1`] = `
[
  {
    "content": {
      "data": [
        105,
        109,
        112,
        111,
        114,
        116,
        32,
        123,
        10,
        32,
        32,
        69,
        110,
        116,
        105,
        116,
        121,
        44,
        10,
        32,
        32,
        80,
        114,
        105,
        109,
        97,
        114,
        121,
        71,
        101,
        110,
        101,
        114,
        97,
        116,
        101,
        100,
        67,
        111,
        108,
        117,
        109,
        110,
        44,
        10,
        125,
        32,
        102,
        114,
        111,
        109,
        32,
        39,
        116,
        121,
        112,
        101,
        111,
        114,
        109,
        39,
        59,
        10,
        10,
        105,
        109,
        112,
        111,
        114,
        116,
        32,
        123,
        10,
        10,
        32,
        32,
        32,
        32,
        66,
        97,
        115,
        101,
        84,
        101,
        110,
        97,
        110,
        116,
        69,
        110,
        116,
        105,
        116,
        121,
        72,
        101,
        108,
        112,
        101,
        114,
        32,
        97,
        115,
        32,
        66,
        97,
        115,
        101,
        69,
        110,
        116,
        105,
        116,
        121,
        10,
        10,
        125,
        32,
        102,
        114,
        111,
        109,
        32,
        39,
        64,
        115,
        97,
        97,
        115,
        45,
        98,
        117,
        105,
        108,
        100,
        107,
        105,
        116,
        47,
        116,
        121,
        112,
        101,
        111,
        114,
        109,
        39,
        59,
        10,
        10,
        64,
        69,
        110,
        116,
        105,
        116,
        121,
        40,
        39,
        116,
        101,
        115,
        116,
        95,
        101,
        110,
        116,
        105,
        116,
        121,
        39,
        41,
        10,
        101,
        120,
        112,
        111,
        114,
        116,
        32,
        99,
        108,
        97,
        115,
        115,
        32,
        84,
        101,
        115,
        116,
        69,
        110,
        116,
        105,
        116,
        121,
        32,
        101,
        120,
        116,
        101,
        110,
        100,
        115,
        32,
        66,
        97,
        115,
        101,
        69,
        110,
        116,
        105,
        116,
        121,
        32,
        123,
        10,
        32,
        32,
        64,
        80,
        114,
        105,
        109,
        97,
        114,
        121,
        71,
        101,
        110,
        101,
        114,
        97,
        116,
        101,
        100,
        67,
        111,
        108,
        117,
        109,
        110,
        40,
        39,
        117,
        117,
        105,
        100,
        39,
        41,
        10,
        32,
        32,
        105,
        100,
        33,
        58,
        32,
        115,
        116,
        114,
        105,
        110,
        103,
        59,
        10,
        125,
        10,
      ],
      "type": "Buffer",
    },
    "options": undefined,
    "path": "apps/test-project/src/app/database/entities/test-group/test-entity.entity.ts",
    "type": "CREATE",
  },
  {
    "content": {
      "data": [
        10,
        101,
        120,
        112,
        111,
        114,
        116,
        32,
        42,
        32,
        102,
        114,
        111,
        109,
        32,
        39,
        46,
        47,
        116,
        101,
        115,
        116,
        45,
        103,
        114,
        111,
        117,
        112,
        47,
        116,
        101,
        115,
        116,
        45,
        101,
        110,
        116,
        105,
        116,
        121,
        46,
        101,
        110,
        116,
        105,
        116,
        121,
        39,
        59,
      ],
      "type": "Buffer",
    },
    "options": undefined,
    "path": "apps/test-project/src/app/database/entities/index.ts",
    "type": "CREATE",
  },
]
`;
